Microchip MPLAB XC8 Compiler V1.36 ()

Linker command line:

-W-3 --edf=/Applications/microchip/xc8/v1.36/dat/en_msgs.txt -cs \
  -h+dist/default/production/EE4_Test.production.sym \
  --cmf=dist/default/production/EE4_Test.production.cmf -z -Q18F2550 \
  -o/tmp/xccuD9gI6 -Mdist/default/production/EE4_Test.production.map -E1 \
  -ver=XC8 -ASTACK=039Ch-07ffh -pstack=STACK -ACODE=01000h-07FFFh \
  -ACONST=01000h-07FFFh -ASMALLCONST=01000h-010FFhx112 \
  -AMEDIUMCONST=01000h-07FFFh -ACOMRAM=01h-05Fh -AABS1=00h-07FFh \
  -ABIGRAM=01h-07FFh -ARAM=060h-0FFh,0100h-01FFhx7 -ABANK0=060h-0FFh \
  -ABANK1=0100h-01FFh -ABANK2=0200h-02FFh -ABANK3=0300h-03FFh \
  -ABANK4=0400h-04FFh -ABANK5=0500h-05FFh -ABANK6=0600h-06FFh \
  -ABANK7=0700h-07FFh -ASFR=0F60h-0FFFh \
  -preset_vec=01000h,intcode=01008h,intcodelo,powerup,init,end_init \
  -pramtop=0800h -psmallconst=SMALLCONST -pmediumconst=MEDIUMCONST \
  -pconst=CONST -AFARRAM=00h-00h -ACONFIG=0300000h-030000Dh -pconfig=CONFIG \
  -AIDLOC=0200000h-0200007h -pidloc=IDLOC -AEEDATA=0F00000h-0F000FFh \
  -peeprom_data=EEDATA \
  -prdata=COMRAM,nvrram=COMRAM,nvbit=COMRAM,rbss=COMRAM,rbit=COMRAM \
  -pfarbss=FARRAM,fardata=FARRAM,nvFARRAM=FARRAM \
  -pintsave_regs=BIGRAM,bigbss=BIGRAM,bigdata=BIGRAM -pbss=RAM \
  -pidata=CODE,irdata=CODE,ibigdata=CODE,ifardata=CODE -prparam=COMRAM \
  /tmp/xcsGFZEZs.obj dist/default/production/EE4_Test.production.obj 

Object code version is 3.11

Machine type is 18F2550

Call graph: (short form)




                Name                               Link     Load   Length Selector   Space Scale
/tmp/xcsGFZEZs.obj
                end_init                           1016     1016        4      804       0
                reset_vec                          1000     1000        4      800       0
                idloc                            200000   200000        8   200000       0
                config                           300000   300000        E   300000       0
dist/default/production/EE4_Test.production.obj
                intcode                            1008     1008        E      804       0
                temp                                 51       51        1        1       1
                smallconst                         101A     101A        8      80D       0
                intcode_body                       237A     237A       6E      811       0
                text30                             230A     230A       70      811       0
                text29                             1E96     1E96       AE      811       0
                text28                             25D8     25D8       38      811       0
                text27                             14E4     14E4      1AC      811       0
                text26                             207C     207C       90      811       0
                text25                             18B8     18B8       F4      811       0
                text24                             26FA     26FA       24      811       0
                text23                             268C     268C       26      811       0
                text22                             1C48     1C48       CC      811       0
                text21                             2292     2292       78      811       0
                text20                             19AC     19AC       E6      811       0
                text19                             17C4     17C4       F4      811       0
                text18                             2448     2448       56      811       0
                text17                             2610     2610       2C      811       0
                text16                             26D6     26D6       24      811       0
                text15                             1690     1690      134      811       0
                text14                             2216     2216       7C      811       0
                text13                             2544     2544       52      811       0
                text12                             2666     2666       26      811       0
                text11                             2596     2596       42      811       0
                text10                             1A92     1A92       E2      811       0
                text9                              24F2     24F2       52      811       0
                text8                              219A     219A       7C      811       0
                text7                              1022     1022      4C2      811       0
                text6                              26B2     26B2       24      811       0
                text5                              249E     249E       54      811       0
                text4                              272C     272C        C      811       0
                text3                              1D14     1D14       C2      811       0
                text2                              210C     210C       8E      811       0
                text1                              263C     263C       2A      811       0
                text0                              271E     271E        E      811       0
                cstackCOMRAM                          1        1       47        1       1
                cstackBANK0                          D9       D9       17       60       1
                dataBANK3                           300      300       9C      300       1
                dataBANK2                           200      200       9C      200       1
                dataBANK1                           100      100       D4      100       1
                dataBANK0                            60       60       60       60       1
                bssBANK0                             C0       C0       19       60       1
                dataCOMRAM                           48       48        4        1       1
                bssCOMRAM                            4C       4C        3        1       1
                cinit                              1DD6     1DD6       C0      811       0
                nvBANK0                              F0       F0        9       60       1
                nvCOMRAM                             4F       4F        2        1       1
                idataBANK3                         1FE0     1FE0       9C      811       0
                idataBANK2                         1F44     1F44       9C      811       0
                idataBANK1                         1B74     1B74       D4      811       0
                idataBANK0                         23E8     23E8       60      811       0
                idataCOMRAM                        2738     2738        4      811       0

TOTAL           Name                               Link     Load   Length     Space
        CLASS   STACK          

        CLASS   CODE           
                end_init                           1016     1016        4         0
                intcode                            1008     1008        E         0
                reset_vec                          1000     1000        4         0
                intcode_body                       237A     237A       6E         0
                text30                             230A     230A       70         0
                text29                             1E96     1E96       AE         0
                text28                             25D8     25D8       38         0
                text27                             14E4     14E4      1AC         0
                text26                             207C     207C       90         0
                text25                             18B8     18B8       F4         0
                text24                             26FA     26FA       24         0
                text23                             268C     268C       26         0
                text22                             1C48     1C48       CC         0
                text21                             2292     2292       78         0
                text20                             19AC     19AC       E6         0
                text19                             17C4     17C4       F4         0
                text18                             2448     2448       56         0
                text17                             2610     2610       2C         0
                text16                             26D6     26D6       24         0
                text15                             1690     1690      134         0
                text14                             2216     2216       7C         0
                text13                             2544     2544       52         0
                text12                             2666     2666       26         0
                text11                             2596     2596       42         0
                text10                             1A92     1A92       E2         0
                text9                              24F2     24F2       52         0
                text8                              219A     219A       7C         0
                text7                              1022     1022      4C2         0
                text6                              26B2     26B2       24         0
                text5                              249E     249E       54         0
                text4                              272C     272C        C         0
                text3                              1D14     1D14       C2         0
                text2                              210C     210C       8E         0
                text1                              263C     263C       2A         0
                text0                              271E     271E        E         0
                cinit                              1DD6     1DD6       C0         0
                idataBANK3                         1FE0     1FE0       9C         0
                idataBANK2                         1F44     1F44       9C         0
                idataBANK1                         1B74     1B74       D4         0
                idataBANK0                         23E8     23E8       60         0
                idataCOMRAM                        2738     2738        4         0

        CLASS   CONST          

        CLASS   SMALLCONST     
                smallconst                         101A     101A        8         0

        CLASS   MEDIUMCONST    

        CLASS   COMRAM         
                temp                                 51       51        1         1
                cstackCOMRAM                          1        1       47         1
                dataCOMRAM                           48       48        4         1
                bssCOMRAM                            4C       4C        3         1
                nvCOMRAM                             4F       4F        2         1

        CLASS   ABS1           

        CLASS   BIGRAM         

        CLASS   RAM            

        CLASS   BANK0          
                cstackBANK0                          D9       D9       17         1
                dataBANK0                            60       60       60         1
                bssBANK0                             C0       C0       19         1
                nvBANK0                              F0       F0        9         1

        CLASS   BANK1          
                dataBANK1                           100      100       D4         1

        CLASS   BANK2          
                dataBANK2                           200      200       9C         1

        CLASS   BANK3          
                dataBANK3                           300      300       9C         1

        CLASS   BANK4          

        CLASS   BANK5          

        CLASS   BANK6          

        CLASS   BANK7          

        CLASS   SFR            

        CLASS   FARRAM         

        CLASS   CONFIG         
                config                           300000   300000        E         0

        CLASS   IDLOC          
                idloc                            200000   200000        8         0

        CLASS   EEDATA         



SEGMENTS        Name                           Load    Length   Top    Selector   Space  Class

                cstackCOMRAM                   000001  000051  000052         1       1  COMRAM  
                dataBANK0                      000060  000099  0000F9        60       1  BANK0   
                dataBANK1                      000100  0000D4  0001D4       100       1  BANK1   
                dataBANK2                      000200  00009C  00029C       200       1  BANK2   
                dataBANK3                      000300  00009C  00039C       300       1  BANK3   
                reset_vec                      001000  000004  001004       800       0  CODE    
                intcode                        001008  000012  00101A       804       0  CODE    
                smallconst                     00101A  000008  001022       80D       0  SMALLCON
                text7                          001022  00171A  00273C       811       0  CODE    
                idloc                          200000  000008  200008    200000       0  IDLOC   
                config                         300000  00000E  30000E    300000       0  CONFIG  


UNUSED ADDRESS RANGES

        Name                Unused          Largest block    Delta
        BANK0            0000F9-0000FF                7
        BANK1            0001D4-0001FF               2C
        BANK2            00029C-0002FF               64
        BANK3            00039C-0003FF               64
        BANK4            000400-0004FF              100
        BANK5            000500-0005FF              100
        BANK6            000600-0006FF              100
        BANK7            000700-0007FF              100
        BIGRAM           000052-00005F                E
                         0000F9-0000FF                7
                         0001D4-0001FF               2C
                         00029C-0002FF               64
                         00039C-0007FF              464
        CODE             001004-001007                4
                         00273C-007FFF             58C4
        COMRAM           000052-00005F                E
        CONST            001004-001007                4
                         00273C-007FFF             58C4
        EEDATA           F00000-F000FF              100
        FARRAM           000000-000000                1
        MEDIUMCONST      001004-001007                4
                         00273C-007FFF             58C4
        RAM              0000F9-0000FF                7
                         0001D4-0001FF               2C
                         00029C-0002FF               64
                         00039C-0007FF              100
        SFR              000F60-000FFF               A0
        SMALLCONST       001004-001007                4
                         00273C-007FFF              100
        STACK            00039C-0007FF              464

                                  Symbol Table

?___aldiv                        cstackCOMRAM 00001B
?___altoft                       cstackCOMRAM 000017
?___awmod                        cstackCOMRAM 00001D
?___awtoft                       cstackCOMRAM 00001D
?___ftadd                        cstackCOMRAM 000030
?___ftdiv                        cstackCOMRAM 000021
?___ftmul                        cstackCOMRAM 000021
?___ftpack                       cstackCOMRAM 00000F
?___fttol                        cstackCOMRAM 000030
?___lbtoft                       cstackCOMRAM 000017
?___lmul                         cstackCOMRAM 00000F
?___lwdiv                        cstackCOMRAM 00000F
?___lwmod                        cstackCOMRAM 00000F
?___lwtoft                       cstackCOMRAM 000017
?___wmul                         cstackCOMRAM 00000F
?_rand                           cstackCOMRAM 00001B
OpenTimer0@intEnable             cstackCOMRAM 000011
_ADCON1                          (abs)        000FC1
_INTCONbits                      (abs)        000FF2
_IPR1bits                        (abs)        000F9F
_LATAbits                        (abs)        000F89
_LATBbits                        (abs)        000F8A
_LATCbits                        (abs)        000F8B
_LEDs                            bssBANK0     0000C0
_OpenTimer0                      text5        00249E
_PIE1bits                        (abs)        000F9D
_PIR1bits                        (abs)        000F9E
_PORTAbits                       (abs)        000F80
_PORTBbits                       (abs)        000F81
_PWM_duty                        bssCOMRAM    00004C
_T0CONbits                       (abs)        000FD5
_T1CONbits                       (abs)        000FCD
_TMR0H                           (abs)        000FD7
_TMR0L                           (abs)        000FD6
_TMR1H                           (abs)        000FCF
_TMR1L                           (abs)        000FCE
_TRISAbits                       (abs)        000F92
_TRISBbits                       (abs)        000F93
_TRISCbits                       (abs)        000F94
__HRAM                           (abs)        000000
__Habs1                          abs1         000000
__Hbank0                         bank0        000000
__Hbank1                         bank1        000000
__Hbank2                         bank2        000000
__Hbank3                         bank3        000000
__Hbank4                         bank4        000000
__Hbank5                         bank5        000000
__Hbank6                         bank6        000000
__Hbank7                         bank7        000000
__Hbigbss                        bigbss       000000
__Hbigdata                       bigdata      000000
__Hbigram                        bigram       000000
__Hbss                           bss          000000
__HbssBANK0                      bssBANK0     000000
__HbssCOMRAM                     bssCOMRAM    000000
__Hcinit                         cinit        000000
__Hclrtext                       clrtext      000000
__Hcomram                        comram       000000
__Hconfig                        config       30000E
__Hconst                         const        000000
__HcstackBANK0                   cstackBANK0  000000
__HcstackCOMRAM                  cstackCOMRAM 000000
__Hdata                          data         000000
__HdataBANK0                     dataBANK0    000000
__HdataBANK1                     dataBANK1    000000
__HdataBANK2                     dataBANK2    000000
__HdataBANK3                     dataBANK3    000000
__HdataCOMRAM                    dataCOMRAM   000000
__Heeprom_data                   eeprom_data  000000
__Hend_init                      end_init     00101A
__Hfarbss                        farbss       000000
__Hfardata                       fardata      000000
__Hibigdata                      ibigdata     000000
__Hidata                         idata        000000
__HidataBANK0                    idataBANK0   000000
__HidataBANK1                    idataBANK1   000000
__HidataBANK2                    idataBANK2   000000
__HidataBANK3                    idataBANK3   000000
__HidataCOMRAM                   idataCOMRAM  000000
__Hidloc                         idloc        200008
__Hifardata                      ifardata     000000
__Hinit                          init         001016
__Hintcode                       intcode      001016
__Hintcode_body                  intcode_body 000000
__Hintcodelo                     intcodelo    001016
__Hintentry                      intentry     000000
__Hintret                        intret       000000
__Hintsave_regs                  intsave_regs 000000
__Hirdata                        irdata       000000
__Hmediumconst                   mediumconst  000000
__HnvBANK0                       nvBANK0      000000
__HnvCOMRAM                      nvCOMRAM     000000
__HnvFARRAM                      nvFARRAM     000000
__Hnvbit                         nvbit        000000
__Hnvrram                        nvrram       000000
__Hparam                         rparam       000000
__Hpowerup                       powerup      001016
__Hram                           ram          000000
__Hramtop                        ramtop       000800
__Hrbit                          rbit         000000
__Hrbss                          rbss         000000
__Hrdata                         rdata        000000
__Hreset_vec                     reset_vec    001004
__Hrparam                        rparam       000000
__Hsfr                           sfr          000000
__Hsmallconst                    smallconst   001022
__Hspace_0                       (abs)        30000E
__Hspace_1                       (abs)        00039C
__Hspace_2                       (abs)        000000
__Hstack                         stack        000000
__Hstruct                        struct       000000
__Htemp                          temp         000052
__Htext                          text         000000
__Htext0                         text0        000000
__Htext1                         text1        000000
__Htext10                        text10       000000
__Htext11                        text11       000000
__Htext12                        text12       000000
__Htext13                        text13       000000
__Htext14                        text14       000000
__Htext15                        text15       000000
__Htext16                        text16       000000
__Htext17                        text17       000000
__Htext18                        text18       000000
__Htext19                        text19       000000
__Htext2                         text2        000000
__Htext20                        text20       000000
__Htext21                        text21       000000
__Htext22                        text22       000000
__Htext23                        text23       000000
__Htext24                        text24       000000
__Htext25                        text25       000000
__Htext26                        text26       000000
__Htext27                        text27       000000
__Htext28                        text28       000000
__Htext29                        text29       000000
__Htext3                         text3        000000
__Htext30                        text30       000000
__Htext4                         text4        000000
__Htext5                         text5        000000
__Htext6                         text6        000000
__Htext7                         text7        000000
__Htext8                         text8        000000
__Htext9                         text9        000000
__LRAM                           (abs)        000001
__Labs1                          abs1         000000
__Lbank0                         bank0        000000
__Lbank1                         bank1        000000
__Lbank2                         bank2        000000
__Lbank3                         bank3        000000
__Lbank4                         bank4        000000
__Lbank5                         bank5        000000
__Lbank6                         bank6        000000
__Lbank7                         bank7        000000
__Lbigbss                        bigbss       000000
__Lbigdata                       bigdata      000000
__Lbigram                        bigram       000000
__Lbss                           bss          000000
__LbssBANK0                      bssBANK0     000000
__LbssCOMRAM                     bssCOMRAM    000000
__Lcinit                         cinit        000000
__Lclrtext                       clrtext      000000
__Lcomram                        comram       000000
__Lconfig                        config       300000
__Lconst                         const        000000
__LcstackBANK0                   cstackBANK0  000000
__LcstackCOMRAM                  cstackCOMRAM 000000
__Ldata                          data         000000
__LdataBANK0                     dataBANK0    000000
__LdataBANK1                     dataBANK1    000000
__LdataBANK2                     dataBANK2    000000
__LdataBANK3                     dataBANK3    000000
__LdataCOMRAM                    dataCOMRAM   000000
__Leeprom_data                   eeprom_data  000000
__Lend_init                      end_init     001016
__Lfarbss                        farbss       000000
__Lfardata                       fardata      000000
__Libigdata                      ibigdata     000000
__Lidata                         idata        000000
__LidataBANK0                    idataBANK0   000000
__LidataBANK1                    idataBANK1   000000
__LidataBANK2                    idataBANK2   000000
__LidataBANK3                    idataBANK3   000000
__LidataCOMRAM                   idataCOMRAM  000000
__Lidloc                         idloc        200000
__Lifardata                      ifardata     000000
__Linit                          init         001016
__Lintcode                       intcode      001008
__Lintcode_body                  intcode_body 000000
__Lintcodelo                     intcodelo    001016
__Lintentry                      intentry     000000
__Lintret                        intret       000000
__Lintsave_regs                  intsave_regs 000000
__Lirdata                        irdata       000000
__Lmediumconst                   mediumconst  000000
__LnvBANK0                       nvBANK0      000000
__LnvCOMRAM                      nvCOMRAM     000000
__LnvFARRAM                      nvFARRAM     000000
__Lnvbit                         nvbit        000000
__Lnvrram                        nvrram       000000
__Lparam                         rparam       000000
__Lpowerup                       powerup      001016
__Lram                           ram          000000
__Lramtop                        ramtop       000800
__Lrbit                          rbit         000000
__Lrbss                          rbss         000000
__Lrdata                         rdata        000000
__Lreset_vec                     reset_vec    001000
__Lrparam                        rparam       000000
__Lsfr                           sfr          000000
__Lsmallconst                    smallconst   00101A
__Lspace_0                       (abs)        000000
__Lspace_1                       (abs)        000000
__Lspace_2                       (abs)        000000
__Lstack                         stack        000000
__Lstruct                        struct       000000
__Ltemp                          temp         000051
__Ltext                          text         000000
__Ltext0                         text0        000000
__Ltext1                         text1        000000
__Ltext10                        text10       000000
__Ltext11                        text11       000000
__Ltext12                        text12       000000
__Ltext13                        text13       000000
__Ltext14                        text14       000000
__Ltext15                        text15       000000
__Ltext16                        text16       000000
__Ltext17                        text17       000000
__Ltext18                        text18       000000
__Ltext19                        text19       000000
__Ltext2                         text2        000000
__Ltext20                        text20       000000
__Ltext21                        text21       000000
__Ltext22                        text22       000000
__Ltext23                        text23       000000
__Ltext24                        text24       000000
__Ltext25                        text25       000000
__Ltext26                        text26       000000
__Ltext27                        text27       000000
__Ltext28                        text28       000000
__Ltext29                        text29       000000
__Ltext3                         text3        000000
__Ltext30                        text30       000000
__Ltext4                         text4        000000
__Ltext5                         text5        000000
__Ltext6                         text6        000000
__Ltext7                         text7        000000
__Ltext8                         text8        000000
__Ltext9                         text9        000000
__S0                             (abs)        30000E
__S1                             (abs)        00039C
__S2                             (abs)        000000
___aldiv                         text22       001C48
___aldiv@counter                 cstackCOMRAM 000023
___aldiv@dividend                cstackCOMRAM 00001B
___aldiv@divisor                 cstackCOMRAM 00001F
___aldiv@quotient                cstackCOMRAM 000025
___aldiv@sign                    cstackCOMRAM 000024
___altoft                        text21       002292
___altoft@c                      cstackCOMRAM 000017
___altoft@exp                    cstackCOMRAM 00001F
___altoft@sign                   cstackCOMRAM 000020
___awmod                         text30       00230A
___awmod@counter                 cstackCOMRAM 000021
___awmod@dividend                cstackCOMRAM 00001D
___awmod@divisor                 cstackCOMRAM 00001F
___awmod@sign                    cstackCOMRAM 000022
___awtoft                        text28       0025D8
___awtoft@c                      cstackCOMRAM 00001D
___awtoft@sign                   cstackCOMRAM 000020
___ftadd                         text27       0014E4
___ftadd@exp1                    cstackCOMRAM 00003B
___ftadd@exp2                    cstackCOMRAM 00003A
___ftadd@f1                      cstackCOMRAM 000030
___ftadd@f2                      cstackCOMRAM 000033
___ftadd@sign                    cstackCOMRAM 000039
___ftdiv                         text20       0019AC
___ftdiv@cntr                    cstackCOMRAM 00002A
___ftdiv@exp                     cstackCOMRAM 00002E
___ftdiv@f1                      cstackCOMRAM 000021
___ftdiv@f2                      cstackCOMRAM 000024
___ftdiv@f3                      cstackCOMRAM 00002B
___ftdiv@sign                    cstackCOMRAM 00002F
___ftge                          text26       00207C
___ftge@ff1                      cstackCOMRAM 00003C
___ftge@ff2                      cstackCOMRAM 00003F
___ftmul                         text25       0018B8
___ftmul@cntr                    cstackCOMRAM 00002E
___ftmul@exp                     cstackCOMRAM 00002A
___ftmul@f1                      cstackCOMRAM 000021
___ftmul@f2                      cstackCOMRAM 000024
___ftmul@f3_as_product           cstackCOMRAM 00002B
___ftmul@sign                    cstackCOMRAM 00002F
___ftpack                        text29       001E96
___ftpack@arg                    cstackCOMRAM 00000F
___ftpack@exp                    cstackCOMRAM 000012
___ftpack@sign                   cstackCOMRAM 000013
___fttol                         text19       0017C4
___fttol@exp1                    cstackCOMRAM 00003E
___fttol@f1                      cstackCOMRAM 000030
___fttol@lval                    cstackCOMRAM 00003A
___fttol@sign1                   cstackCOMRAM 000039
___inthi_sp                      stack        000000
___intlo_sp                      stack        000000
___lbtoft                        text24       0026FA
___lbtoft@c                      cstackCOMRAM 00001A
___lmul                          text18       002448
___lmul@multiplicand             cstackCOMRAM 000013
___lmul@multiplier               cstackCOMRAM 00000F
___lmul@product                  cstackCOMRAM 000017
___lwdiv                         text9        0024F2
___lwdiv@counter                 cstackCOMRAM 000015
___lwdiv@dividend                cstackCOMRAM 00000F
___lwdiv@divisor                 cstackCOMRAM 000011
___lwdiv@quotient                cstackCOMRAM 000013
___lwmod                         text11       002596
___lwmod@counter                 cstackCOMRAM 000013
___lwmod@dividend                cstackCOMRAM 00000F
___lwmod@divisor                 cstackCOMRAM 000011
___lwtoft                        text6        0026B2
___lwtoft@c                      cstackCOMRAM 000017
___param_bank                    (abs)        000010
___rparam_used                   (abs)        000001
___sp                            stack        000000
___wmul                          text23       00268C
___wmul@multiplicand             cstackCOMRAM 000011
___wmul@multiplier               cstackCOMRAM 00000F
___wmul@product                  cstackCOMRAM 000013
__accesstop                      (abs)        000060
__activetblptr                   (abs)        000002
__end_of_OpenTimer0              text5        0024F2
__end_of___aldiv                 text22       001D14
__end_of___altoft                text21       00230A
__end_of___awmod                 text30       00237A
__end_of___awtoft                text28       002610
__end_of___ftadd                 text27       001690
__end_of___ftdiv                 text20       001A92
__end_of___ftge                  text26       00210C
__end_of___ftmul                 text25       0019AC
__end_of___ftpack                text29       001F44
__end_of___fttol                 text19       0018B8
__end_of___lbtoft                text24       00271E
__end_of___lmul                  text18       00249E
__end_of___lwdiv                 text9        002544
__end_of___lwmod                 text11       0025D8
__end_of___lwtoft                text6        0026D6
__end_of___wmul                  text23       0026B2
__end_of__initialization         cinit        001E88
__end_of_buzz                    text15       0017C4
__end_of_fsm                     text7        0014E4
__end_of_go_through_cols         text2        00219A
__end_of_hardware_init           text4        002738
__end_of_init                    text3        001DD6
__end_of_interrupt_handler       intcode_body 0023E8
__end_of_last_new_note           smallconst   00101D
__end_of_last_win_note           smallconst   00101F
__end_of_main                    text0        00272C
__end_of_multiplex               text1        002666
__end_of_myDelay_ms              text17       00263C
__end_of_myDelay_us              text16       0026FA
__end_of_nothingElseMatters      text14       002292
__end_of_rand                    text13       002596
__end_of_setAllLeds              text12       00268C
__end_of_stepper_pulse           text10       001B74
__end_of_superMario              text8        002216
__end_of_total_steps             smallconst   001021
__initialization                 cinit        001DD6
__mediumconst                    mediumconst  000000
__pbssBANK0                      bssBANK0     0000C0
__pbssCOMRAM                     bssCOMRAM    00004C
__pcinit                         cinit        001DD6
__pcstackBANK0                   cstackBANK0  0000D9
__pcstackCOMRAM                  cstackCOMRAM 000001
__pdataBANK0                     dataBANK0    000060
__pdataBANK1                     dataBANK1    000100
__pdataBANK2                     dataBANK2    000200
__pdataBANK3                     dataBANK3    000300
__pdataCOMRAM                    dataCOMRAM   000048
__pidataBANK0                    idataBANK0   0023E8
__pidataBANK1                    idataBANK1   001B74
__pidataBANK2                    idataBANK2   001F44
__pidataBANK3                    idataBANK3   001FE0
__pidataCOMRAM                   idataCOMRAM  002738
__pintcode                       intcode      001008
__pintcode_body                  intcode_body 00237A
__pnvBANK0                       nvBANK0      0000F0
__pnvCOMRAM                      nvCOMRAM     00004F
__psmallconst                    smallconst   00101A
__ptext0                         text0        00271E
__ptext1                         text1        00263C
__ptext10                        text10       001A92
__ptext11                        text11       002596
__ptext12                        text12       002666
__ptext13                        text13       002544
__ptext14                        text14       002216
__ptext15                        text15       001690
__ptext16                        text16       0026D6
__ptext17                        text17       002610
__ptext18                        text18       002448
__ptext19                        text19       0017C4
__ptext2                         text2        00210C
__ptext20                        text20       0019AC
__ptext21                        text21       002292
__ptext22                        text22       001C48
__ptext23                        text23       00268C
__ptext24                        text24       0026FA
__ptext25                        text25       0018B8
__ptext26                        text26       00207C
__ptext27                        text27       0014E4
__ptext28                        text28       0025D8
__ptext29                        text29       001E96
__ptext3                         text3        001D14
__ptext30                        text30       00230A
__ptext4                         text4        00272C
__ptext5                         text5        00249E
__ptext6                         text6        0026B2
__ptext7                         text7        001022
__ptext8                         text8        00219A
__ptext9                         text9        0024F2
__ramtop                         ramtop       000800
__size_of_OpenTimer0             (abs)        000000
__size_of___aldiv                (abs)        000000
__size_of___altoft               (abs)        000000
__size_of___awmod                (abs)        000000
__size_of___awtoft               (abs)        000000
__size_of___ftadd                (abs)        000000
__size_of___ftdiv                (abs)        000000
__size_of___ftge                 (abs)        000000
__size_of___ftmul                (abs)        000000
__size_of___ftpack               (abs)        000000
__size_of___fttol                (abs)        000000
__size_of___lbtoft               (abs)        000000
__size_of___lmul                 (abs)        000000
__size_of___lwdiv                (abs)        000000
__size_of___lwmod                (abs)        000000
__size_of___lwtoft               (abs)        000000
__size_of___wmul                 (abs)        000000
__size_of_buzz                   (abs)        000000
__size_of_fsm                    (abs)        000000
__size_of_go_through_cols        (abs)        000000
__size_of_hardware_init          (abs)        000000
__size_of_init                   (abs)        000000
__size_of_interrupt_handler      (abs)        000000
__size_of_main                   (abs)        000000
__size_of_multiplex              (abs)        000000
__size_of_myDelay_ms             (abs)        000000
__size_of_myDelay_us             (abs)        000000
__size_of_nothingElseMatters     (abs)        000000
__size_of_rand                   (abs)        000000
__size_of_setAllLeds             (abs)        000000
__size_of_stepper_pulse          (abs)        000000
__size_of_superMario             (abs)        000000
__smallconst                     smallconst   00101A
_buzz                            text15       001690
_counter                         bssCOMRAM    00004D
_current_state                   bssBANK0     0000D6
_fsm                             text7        001022
_fsm$1627                        cstackBANK0  0000EB
_go_through_cols                 text2        00210C
_hard_speed                      nvBANK0      0000F0
_hard_speed_timer                nvBANK0      0000F6
_hardware_init                   text4        00272C
_imperialMarchDurations          dataBANK1    000100
_imperialMarchNotes              dataBANK0    000060
_init                            text3        001D14
_interrupt_handler               intcode      001008
_last_new_note                   smallconst   00101B
_last_win_note                   smallconst   00101D
_main                            text0        00271E
_multiplex                       text1        00263C
_myDelay_ms                      text17       002610
_myDelay_us                      text16       0026D6
_note_new                        bssBANK0     0000D0
_note_win                        bssBANK0     0000D2
_nothingElseMatters              text14       002216
_nothingElseMattersDurations     dataBANK0    0000A8
_nothingElseMattersFullDurations dataBANK1    000148
_nothingElseMattersFullNotes     dataBANK1    00018E
_nothingElseMattersNotes         dataBANK0    0000B4
_position                        bssBANK0     0000D4
_prev_hall                       nvBANK0      0000F8
_rand                            text13       002544
_randx                           dataCOMRAM   000048
_setAllLeds                      text12       002666
_state_to_recover                bssCOMRAM    00004E
_stepper_direction               nvCOMRAM     00004F
_stepper_pulse                   text10       001A92
_steps_per_led                   nvBANK0      0000F3
_superMario                      text8        00219A
_superMarioDurations             dataBANK3    000300
_superMarioNotes                 dataBANK2    000200
_target                          bssBANK0     0000D7
_total_steps                     smallconst   00101F
_was_released                    bssBANK0     0000D8
btemp                            temp         000051
buzz@duration                    cstackBANK0  0000DD
buzz@freq                        cstackBANK0  0000D9
buzz@halfPeriod                  cstackBANK0  0000E7
buzz@i                           cstackBANK0  0000E3
buzz@repeats                     cstackBANK0  0000DF
end_of_initialization            cinit        001E88
fsm@i                            cstackBANK0  0000EE
fsm@i_972                        cstackBANK0  0000EF
go_through_cols@offset           cstackCOMRAM 000046
int$flags                        temp         000051
int_func                         intcode_body 00237A
intlevel0                        text         000000
intlevel1                        text         000000
intlevel2                        text         000000
intlevel3                        text         000000
myDelay_ms@i                     cstackCOMRAM 000012
myDelay_ms@ms                    cstackCOMRAM 00000F
myDelay_us@i                     cstackCOMRAM 000041
myDelay_us@us                    cstackCOMRAM 00003F
nothingElseMatters@index         cstackCOMRAM 000045
setAllLeds@i                     cstackCOMRAM 000010
setAllLeds@value                 cstackCOMRAM 00000F
stackhi                          (abs)        0007FF
stacklo                          (abs)        00039C
start                            init         001016
start_initialization             cinit        001DD6
stepper_pulse@speed              cstackCOMRAM 000043
superMario@index                 cstackCOMRAM 000045


FUNCTION INFORMATION:

 *************** function _main *****************
 Defined at:
		line 60 in file "main.c"
 Parameters:    Size  Location     Type
		None
 Auto vars:     Size  Location     Type
		None
 Return value:  Size  Location     Type
                  1    wreg      void 
 Registers used:
		wreg, fsr2l, fsr2h, status,2, status,0, tblptrl, tblptrh, tblptru, prodl, prodh, cstack
 Tracked objects:
		On entry : 
		On exit  : 
		Unchanged: 
 Data sizes:     COMRAM   BANK0   BANK1   BANK2   BANK3   BANK4   BANK5   BANK6   BANK7
      Params:         0       0       0       0       0       0       0       0       0
      Locals:         0       0       0       0       0       0       0       0       0
      Temps:          0       0       0       0       0       0       0       0       0
      Totals:         0       0       0       0       0       0       0       0       0
Total ram usage:        0 bytes
 Hardware stack levels required when called:    6
 This function calls:
		_fsm
		_init
		_multiplex
 This function is called by:
		Startup code after reset
 This function uses a non-reentrant model


 *************** function _multiplex *****************
 Defined at:
		line 314 in file "main.c"
 Parameters:    Size  Location     Type
		None
 Auto vars:     Size  Location     Type
		None
 Return value:  Size  Location     Type
                  1    wreg      void 
 Registers used:
		wreg, fsr2l, fsr2h, status,2, status,0, prodl, prodh, cstack
 Tracked objects:
		On entry : 
		On exit  : 
		Unchanged: 
 Data sizes:     COMRAM   BANK0   BANK1   BANK2   BANK3   BANK4   BANK5   BANK6   BANK7
      Params:         0       0       0       0       0       0       0       0       0
      Locals:         0       0       0       0       0       0       0       0       0
      Temps:          0       0       0       0       0       0       0       0       0
      Totals:         0       0       0       0       0       0       0       0       0
Total ram usage:        0 bytes
 Hardware stack levels used:    1
 Hardware stack levels required when called:    3
 This function calls:
		_go_through_cols
 This function is called by:
		_main
 This function uses a non-reentrant model


 *************** function _go_through_cols *****************
 Defined at:
		line 300 in file "main.c"
 Parameters:    Size  Location     Type
  offset          1    wreg     unsigned char 
 Auto vars:     Size  Location     Type
  offset          1   69[COMRAM] unsigned char 
 Return value:  Size  Location     Type
                  1    wreg      void 
 Registers used:
		wreg, fsr2l, fsr2h, status,2, status,0, prodl, prodh, cstack
 Tracked objects:
		On entry : 
		On exit  : 
		Unchanged: 
 Data sizes:     COMRAM   BANK0   BANK1   BANK2   BANK3   BANK4   BANK5   BANK6   BANK7
      Params:         0       0       0       0       0       0       0       0       0
      Locals:         1       0       0       0       0       0       0       0       0
      Temps:          3       0       0       0       0       0       0       0       0
      Totals:         4       0       0       0       0       0       0       0       0
Total ram usage:        4 bytes
 Hardware stack levels used:    1
 Hardware stack levels required when called:    2
 This function calls:
		_myDelay_us
 This function is called by:
		_multiplex
 This function uses a non-reentrant model


 *************** function _init *****************
 Defined at:
		line 72 in file "main.c"
 Parameters:    Size  Location     Type
		None
 Auto vars:     Size  Location     Type
		None
 Return value:  Size  Location     Type
                  1    wreg      void 
 Registers used:
		wreg, status,2, status,0, tblptrl, tblptrh, tblptru, cstack
 Tracked objects:
		On entry : 
		On exit  : 
		Unchanged: 
 Data sizes:     COMRAM   BANK0   BANK1   BANK2   BANK3   BANK4   BANK5   BANK6   BANK7
      Params:         0       0       0       0       0       0       0       0       0
      Locals:         0       0       0       0       0       0       0       0       0
      Temps:          3       0       0       0       0       0       0       0       0
      Totals:         3       0       0       0       0       0       0       0       0
Total ram usage:        3 bytes
 Hardware stack levels used:    1
 Hardware stack levels required when called:    3
 This function calls:
		___lwtoft
		_hardware_init
 This function is called by:
		_main
 This function uses a non-reentrant model


 *************** function _hardware_init *****************
 Defined at:
		line 39 in file "config.c"
 Parameters:    Size  Location     Type
		None
 Auto vars:     Size  Location     Type
		None
 Return value:  Size  Location     Type
                  1    wreg      void 
 Registers used:
		wreg, status,2, status,0, cstack
 Tracked objects:
		On entry : 
		On exit  : 
		Unchanged: 
 Data sizes:     COMRAM   BANK0   BANK1   BANK2   BANK3   BANK4   BANK5   BANK6   BANK7
      Params:         0       0       0       0       0       0       0       0       0
      Locals:         0       0       0       0       0       0       0       0       0
      Temps:          0       0       0       0       0       0       0       0       0
      Totals:         0       0       0       0       0       0       0       0       0
Total ram usage:        0 bytes
 Hardware stack levels used:    1
 Hardware stack levels required when called:    2
 This function calls:
		_OpenTimer0
 This function is called by:
		_init
		_initBuzz
 This function uses a non-reentrant model


 *************** function _OpenTimer0 *****************
 Defined at:
		line 97 in file "config.c"
 Parameters:    Size  Location     Type
  intEnable       1    wreg     unsigned char 
 Auto vars:     Size  Location     Type
  intEnable       1   16[COMRAM] unsigned char 
 Return value:  Size  Location     Type
                  1    wreg      void 
 Registers used:
		wreg, status,2, status,0
 Tracked objects:
		On entry : 
		On exit  : 
		Unchanged: 
 Data sizes:     COMRAM   BANK0   BANK1   BANK2   BANK3   BANK4   BANK5   BANK6   BANK7
      Params:         0       0       0       0       0       0       0       0       0
      Locals:         1       0       0       0       0       0       0       0       0
      Temps:          2       0       0       0       0       0       0       0       0
      Totals:         3       0       0       0       0       0       0       0       0
Total ram usage:        3 bytes
 Hardware stack levels used:    1
 Hardware stack levels required when called:    1
 This function calls:
		Nothing
 This function is called by:
		_hardware_init
 This function uses a non-reentrant model


 *************** function ___lwtoft *****************
 Defined at:
		line 28 in file "/Applications/microchip/xc8/v1.36/sources/common/lwtoft.c"
 Parameters:    Size  Location     Type
  c               2   22[COMRAM] unsigned int 
 Auto vars:     Size  Location     Type
		None
 Return value:  Size  Location     Type
                  3   22[COMRAM] float 
 Registers used:
		wreg, status,2, status,0, cstack
 Tracked objects:
		On entry : 
		On exit  : 
		Unchanged: 
 Data sizes:     COMRAM   BANK0   BANK1   BANK2   BANK3   BANK4   BANK5   BANK6   BANK7
      Params:         3       0       0       0       0       0       0       0       0
      Locals:         0       0       0       0       0       0       0       0       0
      Temps:          0       0       0       0       0       0       0       0       0
      Totals:         3       0       0       0       0       0       0       0       0
Total ram usage:        3 bytes
 Hardware stack levels used:    1
 Hardware stack levels required when called:    2
 This function calls:
		___ftpack
 This function is called by:
		_init
 This function uses a non-reentrant model


 *************** function _fsm *****************
 Defined at:
		line 115 in file "main.c"
 Parameters:    Size  Location     Type
		None
 Auto vars:     Size  Location     Type
  i               1   22[BANK0 ] unsigned char 
  i               1   21[BANK0 ] unsigned char 
 Return value:  Size  Location     Type
                  1    wreg      void 
 Registers used:
		wreg, fsr2l, fsr2h, status,2, status,0, tblptrl, tblptrh, tblptru, prodl, prodh, cstack
 Tracked objects:
		On entry : 
		On exit  : 
		Unchanged: 
 Data sizes:     COMRAM   BANK0   BANK1   BANK2   BANK3   BANK4   BANK5   BANK6   BANK7
      Params:         0       0       0       0       0       0       0       0       0
      Locals:         0       5       0       0       0       0       0       0       0
      Temps:          0       0       0       0       0       0       0       0       0
      Totals:         0       5       0       0       0       0       0       0       0
Total ram usage:        5 bytes
 Hardware stack levels used:    1
 Hardware stack levels required when called:    5
 This function calls:
		___awmod
		___awtoft
		___ftadd
		___ftdiv
		___ftge
		___ftmul
		___lbtoft
		___lwmod
		_buzz
		_nothingElseMatters
		_rand
		_setAllLeds
		_stepper_pulse
		_superMario
 This function is called by:
		_main
 This function uses a non-reentrant model


 *************** function _superMario *****************
 Defined at:
		line 90 in file "songs.c"
 Parameters:    Size  Location     Type
  index           2   68[COMRAM] unsigned int 
 Auto vars:     Size  Location     Type
		None
 Return value:  Size  Location     Type
                  1    wreg      void 
 Registers used:
		wreg, fsr2l, fsr2h, status,2, status,0, cstack
 Tracked objects:
		On entry : 
		On exit  : 
		Unchanged: 
 Data sizes:     COMRAM   BANK0   BANK1   BANK2   BANK3   BANK4   BANK5   BANK6   BANK7
      Params:         2       0       0       0       0       0       0       0       0
      Locals:         0       0       0       0       0       0       0       0       0
      Temps:          0       2       0       0       0       0       0       0       0
      Totals:         2       2       0       0       0       0       0       0       0
Total ram usage:        4 bytes
 Hardware stack levels used:    1
 Hardware stack levels required when called:    4
 This function calls:
		___lwdiv
		_buzz
 This function is called by:
		_fsm
 This function uses a non-reentrant model


 *************** function ___lwdiv *****************
 Defined at:
		line 8 in file "/Applications/microchip/xc8/v1.36/sources/common/lwdiv.c"
 Parameters:    Size  Location     Type
  dividend        2   14[COMRAM] unsigned int 
  divisor         2   16[COMRAM] unsigned int 
 Auto vars:     Size  Location     Type
  quotient        2   18[COMRAM] unsigned int 
  counter         1   20[COMRAM] unsigned char 
 Return value:  Size  Location     Type
                  2   14[COMRAM] unsigned int 
 Registers used:
		wreg, status,2, status,0
 Tracked objects:
		On entry : 
		On exit  : 
		Unchanged: 
 Data sizes:     COMRAM   BANK0   BANK1   BANK2   BANK3   BANK4   BANK5   BANK6   BANK7
      Params:         4       0       0       0       0       0       0       0       0
      Locals:         3       0       0       0       0       0       0       0       0
      Temps:          0       0       0       0       0       0       0       0       0
      Totals:         7       0       0       0       0       0       0       0       0
Total ram usage:        7 bytes
 Hardware stack levels used:    1
 Hardware stack levels required when called:    1
 This function calls:
		Nothing
 This function is called by:
		_superMario
 This function uses a non-reentrant model


 *************** function _stepper_pulse *****************
 Defined at:
		line 281 in file "main.c"
 Parameters:    Size  Location     Type
  speed           3   66[COMRAM] float 
 Auto vars:     Size  Location     Type
		None
 Return value:  Size  Location     Type
                  1    wreg      void 
 Registers used:
		wreg, status,2, status,0, tblptrl, tblptrh, tblptru, cstack
 Tracked objects:
		On entry : 
		On exit  : 
		Unchanged: 
 Data sizes:     COMRAM   BANK0   BANK1   BANK2   BANK3   BANK4   BANK5   BANK6   BANK7
      Params:         3       0       0       0       0       0       0       0       0
      Locals:         0       0       0       0       0       0       0       0       0
      Temps:          2       0       0       0       0       0       0       0       0
      Totals:         5       0       0       0       0       0       0       0       0
Total ram usage:        5 bytes
 Hardware stack levels used:    1
 Hardware stack levels required when called:    3
 This function calls:
		___ftdiv
		___fttol
		___lwmod
		_myDelay_us
 This function is called by:
		_fsm
 This function uses a non-reentrant model


 *************** function ___lwmod *****************
 Defined at:
		line 8 in file "/Applications/microchip/xc8/v1.36/sources/common/lwmod.c"
 Parameters:    Size  Location     Type
  dividend        2   14[COMRAM] unsigned int 
  divisor         2   16[COMRAM] unsigned int 
 Auto vars:     Size  Location     Type
  counter         1   18[COMRAM] unsigned char 
 Return value:  Size  Location     Type
                  2   14[COMRAM] unsigned int 
 Registers used:
		wreg, status,2, status,0
 Tracked objects:
		On entry : 
		On exit  : 
		Unchanged: 
 Data sizes:     COMRAM   BANK0   BANK1   BANK2   BANK3   BANK4   BANK5   BANK6   BANK7
      Params:         4       0       0       0       0       0       0       0       0
      Locals:         1       0       0       0       0       0       0       0       0
      Temps:          0       0       0       0       0       0       0       0       0
      Totals:         5       0       0       0       0       0       0       0       0
Total ram usage:        5 bytes
 Hardware stack levels used:    1
 Hardware stack levels required when called:    1
 This function calls:
		Nothing
 This function is called by:
		_fsm
		_stepper_pulse
 This function uses a non-reentrant model


 *************** function _setAllLeds *****************
 Defined at:
		line 332 in file "main.c"
 Parameters:    Size  Location     Type
  value           1    wreg     unsigned char 
 Auto vars:     Size  Location     Type
  value           1   14[COMRAM] unsigned char 
  i               1   15[COMRAM] unsigned char 
 Return value:  Size  Location     Type
                  1    wreg      void 
 Registers used:
		wreg, fsr2l, fsr2h, status,2, status,0, prodl, prodh
 Tracked objects:
		On entry : 
		On exit  : 
		Unchanged: 
 Data sizes:     COMRAM   BANK0   BANK1   BANK2   BANK3   BANK4   BANK5   BANK6   BANK7
      Params:         0       0       0       0       0       0       0       0       0
      Locals:         2       0       0       0       0       0       0       0       0
      Temps:          0       0       0       0       0       0       0       0       0
      Totals:         2       0       0       0       0       0       0       0       0
Total ram usage:        2 bytes
 Hardware stack levels used:    1
 Hardware stack levels required when called:    1
 This function calls:
		Nothing
 This function is called by:
		_fsm
 This function uses a non-reentrant model


 *************** function _rand *****************
 Defined at:
		line 12 in file "/Applications/microchip/xc8/v1.36/sources/common/rand.c"
 Parameters:    Size  Location     Type
		None
 Auto vars:     Size  Location     Type
		None
 Return value:  Size  Location     Type
                  2   26[COMRAM] int 
 Registers used:
		wreg, status,2, status,0, cstack
 Tracked objects:
		On entry : 
		On exit  : 
		Unchanged: 
 Data sizes:     COMRAM   BANK0   BANK1   BANK2   BANK3   BANK4   BANK5   BANK6   BANK7
      Params:         2       0       0       0       0       0       0       0       0
      Locals:         0       0       0       0       0       0       0       0       0
      Temps:          0       0       0       0       0       0       0       0       0
      Totals:         2       0       0       0       0       0       0       0       0
Total ram usage:        2 bytes
 Hardware stack levels used:    1
 Hardware stack levels required when called:    2
 This function calls:
		___lmul
 This function is called by:
		_fsm
 This function uses a non-reentrant model


 *************** function _nothingElseMatters *****************
 Defined at:
		line 77 in file "songs.c"
 Parameters:    Size  Location     Type
  index           2   68[COMRAM] unsigned int 
 Auto vars:     Size  Location     Type
		None
 Return value:  Size  Location     Type
                  1    wreg      void 
 Registers used:
		wreg, fsr2l, fsr2h, status,2, status,0, prodl, prodh, cstack
 Tracked objects:
		On entry : 
		On exit  : 
		Unchanged: 
 Data sizes:     COMRAM   BANK0   BANK1   BANK2   BANK3   BANK4   BANK5   BANK6   BANK7
      Params:         2       0       0       0       0       0       0       0       0
      Locals:         0       0       0       0       0       0       0       0       0
      Temps:          0       2       0       0       0       0       0       0       0
      Totals:         2       2       0       0       0       0       0       0       0
Total ram usage:        4 bytes
 Hardware stack levels used:    1
 Hardware stack levels required when called:    4
 This function calls:
		___wmul
		_buzz
 This function is called by:
		_fsm
 This function uses a non-reentrant model


 *************** function _buzz *****************
 Defined at:
		line 26 in file "songs.c"
 Parameters:    Size  Location     Type
  freq            4    0[BANK0 ] long 
  duration        2    4[BANK0 ] unsigned int 
 Auto vars:     Size  Location     Type
  i               4   10[BANK0 ] long 
  repeats         4    6[BANK0 ] long 
  halfPeriod      2   14[BANK0 ] unsigned int 
 Return value:  Size  Location     Type
                  1    wreg      void 
 Registers used:
		wreg, status,2, status,0, cstack
 Tracked objects:
		On entry : 
		On exit  : 
		Unchanged: 
 Data sizes:     COMRAM   BANK0   BANK1   BANK2   BANK3   BANK4   BANK5   BANK6   BANK7
      Params:         0       6       0       0       0       0       0       0       0
      Locals:         0      10       0       0       0       0       0       0       0
      Temps:          2       0       0       0       0       0       0       0       0
      Totals:         2      16       0       0       0       0       0       0       0
Total ram usage:       18 bytes
 Hardware stack levels used:    1
 Hardware stack levels required when called:    3
 This function calls:
		___aldiv
		___altoft
		___ftdiv
		___fttol
		___lmul
		_myDelay_ms
		_myDelay_us
 This function is called by:
		_fsm
		_nothingElseMatters
		_superMario
		_starWars
 This function uses a non-reentrant model


 *************** function _myDelay_us *****************
 Defined at:
		line 13 in file "songs.c"
 Parameters:    Size  Location     Type
  us              2   62[COMRAM] unsigned int 
 Auto vars:     Size  Location     Type
  i               2   64[COMRAM] unsigned int 
 Return value:  Size  Location     Type
                  1    wreg      void 
 Registers used:
		wreg, status,2, status,0
 Tracked objects:
		On entry : 
		On exit  : 
		Unchanged: 
 Data sizes:     COMRAM   BANK0   BANK1   BANK2   BANK3   BANK4   BANK5   BANK6   BANK7
      Params:         2       0       0       0       0       0       0       0       0
      Locals:         2       0       0       0       0       0       0       0       0
      Temps:          0       0       0       0       0       0       0       0       0
      Totals:         4       0       0       0       0       0       0       0       0
Total ram usage:        4 bytes
 Hardware stack levels used:    1
 Hardware stack levels required when called:    1
 This function calls:
		Nothing
 This function is called by:
		_stepper_pulse
		_go_through_cols
		_buzz
 This function uses a non-reentrant model


 *************** function _myDelay_ms *****************
 Defined at:
		line 19 in file "songs.c"
 Parameters:    Size  Location     Type
  ms              2   14[COMRAM] unsigned int 
 Auto vars:     Size  Location     Type
  i               2   17[COMRAM] unsigned int 
 Return value:  Size  Location     Type
                  1    wreg      void 
 Registers used:
		wreg, status,2, status,0
 Tracked objects:
		On entry : 
		On exit  : 
		Unchanged: 
 Data sizes:     COMRAM   BANK0   BANK1   BANK2   BANK3   BANK4   BANK5   BANK6   BANK7
      Params:         2       0       0       0       0       0       0       0       0
      Locals:         2       0       0       0       0       0       0       0       0
      Temps:          1       0       0       0       0       0       0       0       0
      Totals:         5       0       0       0       0       0       0       0       0
Total ram usage:        5 bytes
 Hardware stack levels used:    1
 Hardware stack levels required when called:    1
 This function calls:
		Nothing
 This function is called by:
		_buzz
 This function uses a non-reentrant model


 *************** function ___lmul *****************
 Defined at:
		line 15 in file "/Applications/microchip/xc8/v1.36/sources/common/Umul32.c"
 Parameters:    Size  Location     Type
  multiplier      4   14[COMRAM] unsigned long 
  multiplicand    4   18[COMRAM] unsigned long 
 Auto vars:     Size  Location     Type
  product         4   22[COMRAM] unsigned long 
 Return value:  Size  Location     Type
                  4   14[COMRAM] unsigned long 
 Registers used:
		wreg, status,2, status,0
 Tracked objects:
		On entry : 
		On exit  : 
		Unchanged: 
 Data sizes:     COMRAM   BANK0   BANK1   BANK2   BANK3   BANK4   BANK5   BANK6   BANK7
      Params:         8       0       0       0       0       0       0       0       0
      Locals:         4       0       0       0       0       0       0       0       0
      Temps:          0       0       0       0       0       0       0       0       0
      Totals:        12       0       0       0       0       0       0       0       0
Total ram usage:       12 bytes
 Hardware stack levels used:    1
 Hardware stack levels required when called:    1
 This function calls:
		Nothing
 This function is called by:
		_buzz
		_rand
 This function uses a non-reentrant model


 *************** function ___fttol *****************
 Defined at:
		line 44 in file "/Applications/microchip/xc8/v1.36/sources/common/fttol.c"
 Parameters:    Size  Location     Type
  f1              3   47[COMRAM] float 
 Auto vars:     Size  Location     Type
  lval            4   57[COMRAM] unsigned long 
  exp1            1   61[COMRAM] unsigned char 
  sign1           1   56[COMRAM] unsigned char 
 Return value:  Size  Location     Type
                  4   47[COMRAM] long 
 Registers used:
		wreg, status,2, status,0
 Tracked objects:
		On entry : 
		On exit  : 
		Unchanged: 
 Data sizes:     COMRAM   BANK0   BANK1   BANK2   BANK3   BANK4   BANK5   BANK6   BANK7
      Params:         4       0       0       0       0       0       0       0       0
      Locals:         6       0       0       0       0       0       0       0       0
      Temps:          5       0       0       0       0       0       0       0       0
      Totals:        15       0       0       0       0       0       0       0       0
Total ram usage:       15 bytes
 Hardware stack levels used:    1
 Hardware stack levels required when called:    1
 This function calls:
		Nothing
 This function is called by:
		_stepper_pulse
		_buzz
 This function uses a non-reentrant model


 *************** function ___ftdiv *****************
 Defined at:
		line 54 in file "/Applications/microchip/xc8/v1.36/sources/common/ftdiv.c"
 Parameters:    Size  Location     Type
  f1              3   32[COMRAM] float 
  f2              3   35[COMRAM] float 
 Auto vars:     Size  Location     Type
  f3              3   42[COMRAM] float 
  sign            1   46[COMRAM] unsigned char 
  exp             1   45[COMRAM] unsigned char 
  cntr            1   41[COMRAM] unsigned char 
 Return value:  Size  Location     Type
                  3   32[COMRAM] float 
 Registers used:
		wreg, status,2, status,0, cstack
 Tracked objects:
		On entry : 
		On exit  : 
		Unchanged: 
 Data sizes:     COMRAM   BANK0   BANK1   BANK2   BANK3   BANK4   BANK5   BANK6   BANK7
      Params:         6       0       0       0       0       0       0       0       0
      Locals:         6       0       0       0       0       0       0       0       0
      Temps:          3       0       0       0       0       0       0       0       0
      Totals:        15       0       0       0       0       0       0       0       0
Total ram usage:       15 bytes
 Hardware stack levels used:    1
 Hardware stack levels required when called:    2
 This function calls:
		___ftpack
 This function is called by:
		_fsm
		_stepper_pulse
		_buzz
 This function uses a non-reentrant model


 *************** function ___altoft *****************
 Defined at:
		line 42 in file "/Applications/microchip/xc8/v1.36/sources/common/altoft.c"
 Parameters:    Size  Location     Type
  c               4   22[COMRAM] long 
 Auto vars:     Size  Location     Type
  sign            1   31[COMRAM] unsigned char 
  exp             1   30[COMRAM] unsigned char 
 Return value:  Size  Location     Type
                  3   22[COMRAM] float 
 Registers used:
		wreg, status,2, status,0, cstack
 Tracked objects:
		On entry : 
		On exit  : 
		Unchanged: 
 Data sizes:     COMRAM   BANK0   BANK1   BANK2   BANK3   BANK4   BANK5   BANK6   BANK7
      Params:         4       0       0       0       0       0       0       0       0
      Locals:         2       0       0       0       0       0       0       0       0
      Temps:          4       0       0       0       0       0       0       0       0
      Totals:        10       0       0       0       0       0       0       0       0
Total ram usage:       10 bytes
 Hardware stack levels used:    1
 Hardware stack levels required when called:    2
 This function calls:
		___ftpack
 This function is called by:
		_buzz
 This function uses a non-reentrant model


 *************** function ___aldiv *****************
 Defined at:
		line 8 in file "/Applications/microchip/xc8/v1.36/sources/common/aldiv.c"
 Parameters:    Size  Location     Type
  dividend        4   26[COMRAM] long 
  divisor         4   30[COMRAM] long 
 Auto vars:     Size  Location     Type
  quotient        4   36[COMRAM] long 
  sign            1   35[COMRAM] unsigned char 
  counter         1   34[COMRAM] unsigned char 
 Return value:  Size  Location     Type
                  4   26[COMRAM] long 
 Registers used:
		wreg, status,2, status,0
 Tracked objects:
		On entry : 
		On exit  : 
		Unchanged: 
 Data sizes:     COMRAM   BANK0   BANK1   BANK2   BANK3   BANK4   BANK5   BANK6   BANK7
      Params:         8       0       0       0       0       0       0       0       0
      Locals:         6       0       0       0       0       0       0       0       0
      Temps:          0       0       0       0       0       0       0       0       0
      Totals:        14       0       0       0       0       0       0       0       0
Total ram usage:       14 bytes
 Hardware stack levels used:    1
 Hardware stack levels required when called:    1
 This function calls:
		Nothing
 This function is called by:
		_buzz
 This function uses a non-reentrant model


 *************** function ___wmul *****************
 Defined at:
		line 15 in file "/Applications/microchip/xc8/v1.36/sources/common/Umul16.c"
 Parameters:    Size  Location     Type
  multiplier      2   14[COMRAM] unsigned int 
  multiplicand    2   16[COMRAM] unsigned int 
 Auto vars:     Size  Location     Type
  product         2   18[COMRAM] unsigned int 
 Return value:  Size  Location     Type
                  2   14[COMRAM] unsigned int 
 Registers used:
		wreg, status,2, status,0, prodl, prodh
 Tracked objects:
		On entry : 
		On exit  : 
		Unchanged: 
 Data sizes:     COMRAM   BANK0   BANK1   BANK2   BANK3   BANK4   BANK5   BANK6   BANK7
      Params:         4       0       0       0       0       0       0       0       0
      Locals:         2       0       0       0       0       0       0       0       0
      Temps:          0       0       0       0       0       0       0       0       0
      Totals:         6       0       0       0       0       0       0       0       0
Total ram usage:        6 bytes
 Hardware stack levels used:    1
 Hardware stack levels required when called:    1
 This function calls:
		Nothing
 This function is called by:
		_nothingElseMatters
 This function uses a non-reentrant model


 *************** function ___lbtoft *****************
 Defined at:
		line 27 in file "/Applications/microchip/xc8/v1.36/sources/common/lbtoft.c"
 Parameters:    Size  Location     Type
  c               1    wreg     unsigned char 
 Auto vars:     Size  Location     Type
  c               1   25[COMRAM] unsigned char 
 Return value:  Size  Location     Type
                  3   22[COMRAM] float 
 Registers used:
		wreg, status,2, status,0, cstack
 Tracked objects:
		On entry : 
		On exit  : 
		Unchanged: 
 Data sizes:     COMRAM   BANK0   BANK1   BANK2   BANK3   BANK4   BANK5   BANK6   BANK7
      Params:         3       0       0       0       0       0       0       0       0
      Locals:         1       0       0       0       0       0       0       0       0
      Temps:          0       0       0       0       0       0       0       0       0
      Totals:         4       0       0       0       0       0       0       0       0
Total ram usage:        4 bytes
 Hardware stack levels used:    1
 Hardware stack levels required when called:    2
 This function calls:
		___ftpack
 This function is called by:
		_fsm
 This function uses a non-reentrant model


 *************** function ___ftmul *****************
 Defined at:
		line 62 in file "/Applications/microchip/xc8/v1.36/sources/common/ftmul.c"
 Parameters:    Size  Location     Type
  f1              3   32[COMRAM] float 
  f2              3   35[COMRAM] float 
 Auto vars:     Size  Location     Type
  f3_as_produc    3   42[COMRAM] unsigned um
  sign            1   46[COMRAM] unsigned char 
  cntr            1   45[COMRAM] unsigned char 
  exp             1   41[COMRAM] unsigned char 
 Return value:  Size  Location     Type
                  3   32[COMRAM] float 
 Registers used:
		wreg, status,2, status,0, cstack
 Tracked objects:
		On entry : 
		On exit  : 
		Unchanged: 
 Data sizes:     COMRAM   BANK0   BANK1   BANK2   BANK3   BANK4   BANK5   BANK6   BANK7
      Params:         6       0       0       0       0       0       0       0       0
      Locals:         6       0       0       0       0       0       0       0       0
      Temps:          3       0       0       0       0       0       0       0       0
      Totals:        15       0       0       0       0       0       0       0       0
Total ram usage:       15 bytes
 Hardware stack levels used:    1
 Hardware stack levels required when called:    2
 This function calls:
		___ftpack
 This function is called by:
		_fsm
 This function uses a non-reentrant model


 *************** function ___ftge *****************
 Defined at:
		line 4 in file "/Applications/microchip/xc8/v1.36/sources/common/ftge.c"
 Parameters:    Size  Location     Type
  ff1             3   59[COMRAM] float 
  ff2             3   62[COMRAM] float 
 Auto vars:     Size  Location     Type
		None
 Return value:  Size  Location     Type
		None               void
 Registers used:
		wreg, status,2, status,0
 Tracked objects:
		On entry : 
		On exit  : 
		Unchanged: 
 Data sizes:     COMRAM   BANK0   BANK1   BANK2   BANK3   BANK4   BANK5   BANK6   BANK7
      Params:         6       0       0       0       0       0       0       0       0
      Locals:         0       0       0       0       0       0       0       0       0
      Temps:          3       0       0       0       0       0       0       0       0
      Totals:         9       0       0       0       0       0       0       0       0
Total ram usage:        9 bytes
 Hardware stack levels used:    1
 Hardware stack levels required when called:    1
 This function calls:
		Nothing
 This function is called by:
		_fsm
 This function uses a non-reentrant model


 *************** function ___ftadd *****************
 Defined at:
		line 86 in file "/Applications/microchip/xc8/v1.36/sources/common/ftadd.c"
 Parameters:    Size  Location     Type
  f1              3   47[COMRAM] float 
  f2              3   50[COMRAM] float 
 Auto vars:     Size  Location     Type
  exp1            1   58[COMRAM] unsigned char 
  exp2            1   57[COMRAM] unsigned char 
  sign            1   56[COMRAM] unsigned char 
 Return value:  Size  Location     Type
                  3   47[COMRAM] float 
 Registers used:
		wreg, status,2, status,0, cstack
 Tracked objects:
		On entry : 
		On exit  : 
		Unchanged: 
 Data sizes:     COMRAM   BANK0   BANK1   BANK2   BANK3   BANK4   BANK5   BANK6   BANK7
      Params:         6       0       0       0       0       0       0       0       0
      Locals:         3       0       0       0       0       0       0       0       0
      Temps:          3       0       0       0       0       0       0       0       0
      Totals:        12       0       0       0       0       0       0       0       0
Total ram usage:       12 bytes
 Hardware stack levels used:    1
 Hardware stack levels required when called:    2
 This function calls:
		___ftpack
 This function is called by:
		_fsm
 This function uses a non-reentrant model


 *************** function ___awtoft *****************
 Defined at:
		line 32 in file "/Applications/microchip/xc8/v1.36/sources/common/awtoft.c"
 Parameters:    Size  Location     Type
  c               2   28[COMRAM] int 
 Auto vars:     Size  Location     Type
  sign            1   31[COMRAM] unsigned char 
 Return value:  Size  Location     Type
                  3   28[COMRAM] float 
 Registers used:
		wreg, status,2, status,0, cstack
 Tracked objects:
		On entry : 
		On exit  : 
		Unchanged: 
 Data sizes:     COMRAM   BANK0   BANK1   BANK2   BANK3   BANK4   BANK5   BANK6   BANK7
      Params:         3       0       0       0       0       0       0       0       0
      Locals:         1       0       0       0       0       0       0       0       0
      Temps:          0       0       0       0       0       0       0       0       0
      Totals:         4       0       0       0       0       0       0       0       0
Total ram usage:        4 bytes
 Hardware stack levels used:    1
 Hardware stack levels required when called:    2
 This function calls:
		___ftpack
 This function is called by:
		_fsm
 This function uses a non-reentrant model


 *************** function ___ftpack *****************
 Defined at:
		line 62 in file "/Applications/microchip/xc8/v1.36/sources/common/float.c"
 Parameters:    Size  Location     Type
  arg             3   14[COMRAM] unsigned um
  exp             1   17[COMRAM] unsigned char 
  sign            1   18[COMRAM] unsigned char 
 Auto vars:     Size  Location     Type
		None
 Return value:  Size  Location     Type
                  3   14[COMRAM] float 
 Registers used:
		wreg, status,2, status,0
 Tracked objects:
		On entry : 
		On exit  : 
		Unchanged: 
 Data sizes:     COMRAM   BANK0   BANK1   BANK2   BANK3   BANK4   BANK5   BANK6   BANK7
      Params:         5       0       0       0       0       0       0       0       0
      Locals:         0       0       0       0       0       0       0       0       0
      Temps:          3       0       0       0       0       0       0       0       0
      Totals:         8       0       0       0       0       0       0       0       0
Total ram usage:        8 bytes
 Hardware stack levels used:    1
 Hardware stack levels required when called:    1
 This function calls:
		Nothing
 This function is called by:
		___altoft
		___awtoft
		___ftadd
		___ftdiv
		___ftmul
		___lbtoft
		___lwtoft
 This function uses a non-reentrant model


 *************** function ___awmod *****************
 Defined at:
		line 8 in file "/Applications/microchip/xc8/v1.36/sources/common/awmod.c"
 Parameters:    Size  Location     Type
  dividend        2   28[COMRAM] int 
  divisor         2   30[COMRAM] int 
 Auto vars:     Size  Location     Type
  sign            1   33[COMRAM] unsigned char 
  counter         1   32[COMRAM] unsigned char 
 Return value:  Size  Location     Type
                  2   28[COMRAM] int 
 Registers used:
		wreg, status,2, status,0
 Tracked objects:
		On entry : 
		On exit  : 
		Unchanged: 
 Data sizes:     COMRAM   BANK0   BANK1   BANK2   BANK3   BANK4   BANK5   BANK6   BANK7
      Params:         4       0       0       0       0       0       0       0       0
      Locals:         2       0       0       0       0       0       0       0       0
      Temps:          0       0       0       0       0       0       0       0       0
      Totals:         6       0       0       0       0       0       0       0       0
Total ram usage:        6 bytes
 Hardware stack levels used:    1
 Hardware stack levels required when called:    1
 This function calls:
		Nothing
 This function is called by:
		_fsm
		_PWM_ISR
 This function uses a non-reentrant model


 *************** function _interrupt_handler *****************
 Defined at:
		line 76 in file "config.c"
 Parameters:    Size  Location     Type
		None
 Auto vars:     Size  Location     Type
		None
 Return value:  Size  Location     Type
                  1    wreg      void 
 Registers used:
		None
 Tracked objects:
		On entry : 
		On exit  : 
		Unchanged: 
 Data sizes:     COMRAM   BANK0   BANK1   BANK2   BANK3   BANK4   BANK5   BANK6   BANK7
      Params:         0       0       0       0       0       0       0       0       0
      Locals:         0       0       0       0       0       0       0       0       0
      Temps:         14       0       0       0       0       0       0       0       0
      Totals:        14       0       0       0       0       0       0       0       0
Total ram usage:       14 bytes
 Hardware stack levels used:    1
 This function calls:
		Nothing
 This function is called by:
		Interrupt level 2
 This function uses a non-reentrant model



MODULE INFORMATION

Module		Function		Class		Link	Load	Size
/Applications/microchip/xc8/v1.36/sources/common/awtoft.c
		___awtoft      		CODE           	25D8	0000	57

/Applications/microchip/xc8/v1.36/sources/common/awtoft.c estimated size: 57

songs.c
		_nothingElseMatters		CODE           	2216	0000	125
		_superMario    		CODE           	219A	0000	125
		_buzz          		CODE           	1690	0000	309
		_myDelay_ms    		CODE           	2610	0000	45
		_myDelay_us    		CODE           	26D6	0000	37

songs.c estimated size: 641

/Applications/microchip/xc8/v1.36/sources/common/lbtoft.c
		___lbtoft      		CODE           	26FA	0000	37

/Applications/microchip/xc8/v1.36/sources/common/lbtoft.c estimated size: 37

/Applications/microchip/xc8/v1.36/sources/common/altoft.c
		___altoft      		CODE           	2292	0000	121

/Applications/microchip/xc8/v1.36/sources/common/altoft.c estimated size: 121

/Applications/microchip/xc8/v1.36/sources/common/float.c
		___ftpack      		CODE           	1E96	0000	175

/Applications/microchip/xc8/v1.36/sources/common/float.c estimated size: 175

/Applications/microchip/xc8/v1.36/sources/common/ftge.c
		___ftge        		CODE           	207C	0000	145

/Applications/microchip/xc8/v1.36/sources/common/ftge.c estimated size: 145

/Applications/microchip/xc8/v1.36/sources/common/lwtoft.c
		___lwtoft      		CODE           	26B2	0000	37

/Applications/microchip/xc8/v1.36/sources/common/lwtoft.c estimated size: 37

/Applications/microchip/xc8/v1.36/sources/common/rand.c
		_rand          		CODE           	2544	0000	83

/Applications/microchip/xc8/v1.36/sources/common/rand.c estimated size: 83

config.c
		_hardware_init 		CODE           	272C	0000	13
		_OpenTimer0    		CODE           	249E	0000	85
		_interrupt_handler		CODE           	1008	0000	125

config.c estimated size: 223

/Applications/microchip/xc8/v1.36/sources/common/lwmod.c
		___lwmod       		CODE           	2596	0000	67

/Applications/microchip/xc8/v1.36/sources/common/lwmod.c estimated size: 67

/Applications/microchip/xc8/v1.36/sources/common/ftmul.c
		___ftmul       		CODE           	18B8	0000	245

/Applications/microchip/xc8/v1.36/sources/common/ftmul.c estimated size: 245

/Applications/microchip/xc8/v1.36/sources/common/awmod.c
		___awmod       		CODE           	230A	0000	113

/Applications/microchip/xc8/v1.36/sources/common/awmod.c estimated size: 113

/Applications/microchip/xc8/v1.36/sources/common/ftdiv.c
		___ftdiv       		CODE           	19AC	0000	231

/Applications/microchip/xc8/v1.36/sources/common/ftdiv.c estimated size: 231

shared
		_last_new_note 		SMALLCONST     	101B	0000	3
		_total_steps   		SMALLCONST     	101F	0000	3
		__initialization		CODE           	1DD6	0000	179
		_last_win_note 		SMALLCONST     	101D	0000	3

shared estimated size: 188

/Applications/microchip/xc8/v1.36/sources/common/Umul16.c
		___wmul        		CODE           	268C	0000	39

/Applications/microchip/xc8/v1.36/sources/common/Umul16.c estimated size: 39

/Applications/microchip/xc8/v1.36/sources/common/fttol.c
		___fttol       		CODE           	17C4	0000	245

/Applications/microchip/xc8/v1.36/sources/common/fttol.c estimated size: 245

/Applications/microchip/xc8/v1.36/sources/common/lwdiv.c
		___lwdiv       		CODE           	24F2	0000	83

/Applications/microchip/xc8/v1.36/sources/common/lwdiv.c estimated size: 83

main.c
		_init          		CODE           	1D14	0000	195
		_setAllLeds    		CODE           	2666	0000	39
		_multiplex     		CODE           	263C	0000	43
		_main          		CODE           	271E	0000	15
		_fsm           		CODE           	1022	0000	1219
		_stepper_pulse 		CODE           	1A92	0000	227
		_go_through_cols		CODE           	210C	0000	143

main.c estimated size: 1881

/Applications/microchip/xc8/v1.36/sources/common/ftadd.c
		___ftadd       		CODE           	14E4	0000	429

/Applications/microchip/xc8/v1.36/sources/common/ftadd.c estimated size: 429

/Applications/microchip/xc8/v1.36/sources/common/Umul32.c
		___lmul        		CODE           	2448	0000	87

/Applications/microchip/xc8/v1.36/sources/common/Umul32.c estimated size: 87

/Applications/microchip/xc8/v1.36/sources/common/aldiv.c
		___aldiv       		CODE           	1C48	0000	205

/Applications/microchip/xc8/v1.36/sources/common/aldiv.c estimated size: 205

